Setting up mock database with 1000 records at surveillance_history.db...
Searching 1,000 records...

Time taken to search 1000 records: 0.0372s
Assertion Passed: Match is top result.
Assertion Passed: Duration 0.0372s < 2.0s.

Success: Verification script completed successfully.
